# TAP results for testing/python/collect.py
ok 1 - testing/python/collect.py::TestModule.test_failing_import
ok 2 - testing/python/collect.py::TestModule.test_import_duplicate
ok 3 - testing/python/collect.py::TestModule.test_import_prepend_append
ok 4 - testing/python/collect.py::TestModule.test_syntax_error_in_module
ok 5 - testing/python/collect.py::TestModule.test_module_considers_pluginmanager_at_import
ok 6 - testing/python/collect.py::TestModule.test_invalid_test_module_name
ok 7 - testing/python/collect.py::TestModule.test_show_traceback_import_error[0]
ok 8 - testing/python/collect.py::TestModule.test_show_traceback_import_error[1]
ok 9 - testing/python/collect.py::TestModule.test_show_traceback_import_error[2]
ok 10 - testing/python/collect.py::TestModule.test_show_traceback_import_error_unicode
ok 11 - testing/python/collect.py::TestClass.test_class_with_init_warning
ok 12 - testing/python/collect.py::TestClass.test_class_subclassobject
ok 13 - testing/python/collect.py::TestClass.test_static_method
ok 14 - testing/python/collect.py::TestClass.test_setup_teardown_class_as_classmethod
ok 15 - testing/python/collect.py::TestClass.test_issue1035_obj_has_getattr
ok 16 - testing/python/collect.py::TestClass.test_issue1579_namedtuple
ok 17 - testing/python/collect.py::TestClass.test_issue2234_property
ok 18 - testing/python/collect.py::TestGenerator.test_generative_functions
ok 19 - testing/python/collect.py::TestGenerator.test_generative_methods
ok 20 - testing/python/collect.py::TestGenerator.test_generative_functions_with_explicit_names
ok 21 - testing/python/collect.py::TestGenerator.test_generative_functions_unique_explicit_names
ok 22 - testing/python/collect.py::TestGenerator.test_generative_methods_with_explicit_names
ok 23 - testing/python/collect.py::TestGenerator.test_order_of_execution_generator_same_codeline
ok 24 - testing/python/collect.py::TestGenerator.test_order_of_execution_generator_different_codeline
ok 25 - testing/python/collect.py::TestGenerator.test_setupstate_is_preserved_134
ok 26 - testing/python/collect.py::TestFunction.test_getmodulecollector
ok 27 - testing/python/collect.py::TestFunction.test_function_as_object_instance_ignored
ok 28 - testing/python/collect.py::TestFunction.test_function_equality
ok 29 - testing/python/collect.py::TestFunction.test_issue197_parametrize_emptyset
ok 30 - testing/python/collect.py::TestFunction.test_single_tuple_unwraps_values
ok 31 - testing/python/collect.py::TestFunction.test_issue213_parametrize_value_no_equal
ok 32 - testing/python/collect.py::TestFunction.test_parametrize_with_non_hashable_values
ok 33 - testing/python/collect.py::TestFunction.test_parametrize_with_non_hashable_values_indirect
ok 34 - testing/python/collect.py::TestFunction.test_parametrize_overrides_fixture
ok 35 - testing/python/collect.py::TestFunction.test_parametrize_overrides_parametrized_fixture
ok 36 - testing/python/collect.py::TestFunction.test_parametrize_with_mark
ok 37 - testing/python/collect.py::TestFunction.test_function_equality_with_callspec
ok 38 - testing/python/collect.py::TestFunction.test_pyfunc_call
ok 39 - testing/python/collect.py::TestFunction.test_multiple_parametrize
ok 40 - testing/python/collect.py::TestFunction.test_issue751_multiple_parametrize_with_ids
ok 41 - testing/python/collect.py::TestFunction.test_parametrize_skipif
ok 42 - testing/python/collect.py::TestFunction.test_parametrize_skip
ok 43 - testing/python/collect.py::TestFunction.test_parametrize_skipif_no_skip
ok 44 - testing/python/collect.py::TestFunction.test_parametrize_xfail
ok 45 - testing/python/collect.py::TestFunction.test_parametrize_passed
ok 46 - testing/python/collect.py::TestFunction.test_parametrize_xfail_passed
ok 47 - testing/python/collect.py::TestFunction.test_function_original_name
ok 48 - testing/python/collect.py::TestSorting.test_check_equality
ok 49 - testing/python/collect.py::TestSorting.test_allow_sane_sorting_for_decorators
ok 50 - testing/python/collect.py::TestConftestCustomization.test_pytest_pycollect_module
ok 51 - testing/python/collect.py::TestConftestCustomization.test_customized_pymakemodule_issue205_subdir
ok 52 - testing/python/collect.py::TestConftestCustomization.test_customized_pymakeitem
ok 53 - testing/python/collect.py::TestConftestCustomization.test_pytest_pycollect_makeitem
ok 54 - testing/python/collect.py::TestConftestCustomization.test_makeitem_non_underscore
ok 55 - testing/python/collect.py::TestConftestCustomization.test_issue2369_collect_module_fileext
ok 56 - testing/python/collect.py::test_setup_only_available_in_subdir
ok 57 - testing/python/collect.py::test_modulecol_roundtrip
ok 58 - testing/python/collect.py::TestTracebackCutting.test_skip_simple
ok 59 - testing/python/collect.py::TestTracebackCutting.test_traceback_argsetup
ok 60 - testing/python/collect.py::TestTracebackCutting.test_traceback_error_during_import
ok 61 - testing/python/collect.py::TestTracebackCutting.test_traceback_filter_error_during_fixture_collection
ok 62 - testing/python/collect.py::TestTracebackCutting.test_filter_traceback_generated_code
ok 63 - testing/python/collect.py::TestTracebackCutting.test_filter_traceback_path_no_longer_valid
ok 64 - testing/python/collect.py::TestReportInfo.test_itemreport_reportinfo
ok 65 - testing/python/collect.py::TestReportInfo.test_func_reportinfo
ok 66 - testing/python/collect.py::TestReportInfo.test_class_reportinfo
ok 67 - testing/python/collect.py::TestReportInfo.test_generator_reportinfo
ok 68 - testing/python/collect.py::TestReportInfo.test_reportinfo_with_nasty_getattr
ok 69 - testing/python/collect.py::test_customized_python_discovery
ok 70 - testing/python/collect.py::test_customized_python_discovery_functions
ok 71 - testing/python/collect.py::test_collector_attributes
ok 72 - testing/python/collect.py::test_customize_through_attributes
ok 73 - testing/python/collect.py::test_unorderable_types
ok 74 - testing/python/collect.py::test_collect_functools_partial
ok 75 - testing/python/collect.py::test_dont_collect_non_function_callable
ok 76 - testing/python/collect.py::test_class_injection_does_not_break_collection
ok 77 - testing/python/collect.py::test_syntax_error_with_non_ascii_chars
ok 78 - testing/python/collect.py::test_skip_duplicates_by_default
ok 79 - testing/python/collect.py::test_keep_duplicates
1..79
