# TAP results for testing/test_nose.py
ok 1 - testing/test_nose.py::test_nose_setup # SKIP could not import 'nose'
ok 2 - testing/test_nose.py::test_setup_func_with_setup_decorator # SKIP could not import 'nose'
ok 3 - testing/test_nose.py::test_setup_func_not_callable # SKIP could not import 'nose'
ok 4 - testing/test_nose.py::test_nose_setup_func # SKIP could not import 'nose'
ok 5 - testing/test_nose.py::test_nose_setup_func_failure # SKIP could not import 'nose'
ok 6 - testing/test_nose.py::test_nose_setup_func_failure_2 # SKIP could not import 'nose'
ok 7 - testing/test_nose.py::test_nose_setup_partial # SKIP could not import 'nose'
ok 8 - testing/test_nose.py::test_nose_test_generator_fixtures # SKIP could not import 'nose'
ok 9 - testing/test_nose.py::test_module_level_setup # SKIP could not import 'nose'
ok 10 - testing/test_nose.py::test_nose_style_setup_teardown # SKIP could not import 'nose'
ok 11 - testing/test_nose.py::test_nose_setup_ordering # SKIP could not import 'nose'
ok 12 - testing/test_nose.py::test_apiwrapper_problem_issue260 # SKIP could not import 'nose'
ok 13 - testing/test_nose.py::test_setup_teardown_linking_issue265 # SKIP could not import 'nose'
ok 14 - testing/test_nose.py::test_SkipTest_during_collection # SKIP could not import 'nose'
ok 15 - testing/test_nose.py::test_SkipTest_in_test # SKIP could not import 'nose'
ok 16 - testing/test_nose.py::test_istest_function_decorator # SKIP could not import 'nose'
ok 17 - testing/test_nose.py::test_nottest_function_decorator # SKIP could not import 'nose'
ok 18 - testing/test_nose.py::test_istest_class_decorator # SKIP could not import 'nose'
ok 19 - testing/test_nose.py::test_nottest_class_decorator # SKIP could not import 'nose'
1..19
