# TAP results for testing/python/fixture.py
ok 1 - testing/python/fixture.py::test_getfuncargnames
ok 2 - testing/python/fixture.py::TestFillFixtures.test_fillfuncargs_exposed
ok 3 - testing/python/fixture.py::TestFillFixtures.test_funcarg_lookupfails
ok 4 - testing/python/fixture.py::TestFillFixtures.test_funcarg_basic
ok 5 - testing/python/fixture.py::TestFillFixtures.test_funcarg_lookup_modulelevel
ok 6 - testing/python/fixture.py::TestFillFixtures.test_funcarg_lookup_classlevel
ok 7 - testing/python/fixture.py::TestFillFixtures.test_conftest_funcargs_only_available_in_subdir
ok 8 - testing/python/fixture.py::TestFillFixtures.test_extend_fixture_module_class
ok 9 - testing/python/fixture.py::TestFillFixtures.test_extend_fixture_conftest_module
ok 10 - testing/python/fixture.py::TestFillFixtures.test_extend_fixture_conftest_conftest
ok 11 - testing/python/fixture.py::TestFillFixtures.test_extend_fixture_conftest_plugin
ok 12 - testing/python/fixture.py::TestFillFixtures.test_extend_fixture_plugin_plugin
ok 13 - testing/python/fixture.py::TestFillFixtures.test_override_parametrized_fixture_conftest_module
ok 14 - testing/python/fixture.py::TestFillFixtures.test_override_parametrized_fixture_conftest_conftest
ok 15 - testing/python/fixture.py::TestFillFixtures.test_override_non_parametrized_fixture_conftest_module
ok 16 - testing/python/fixture.py::TestFillFixtures.test_override_non_parametrized_fixture_conftest_conftest
ok 17 - testing/python/fixture.py::TestFillFixtures.test_override_autouse_fixture_with_parametrized_fixture_conftest_conftest
ok 18 - testing/python/fixture.py::TestFillFixtures.test_autouse_fixture_plugin
ok 19 - testing/python/fixture.py::TestFillFixtures.test_funcarg_lookup_error
ok 20 - testing/python/fixture.py::TestFillFixtures.test_fixture_excinfo_leak
ok 21 - testing/python/fixture.py::TestRequestBasic.test_request_attributes
ok 22 - testing/python/fixture.py::TestRequestBasic.test_request_attributes_method
ok 23 - testing/python/fixture.py::TestRequestBasic.test_request_contains_funcarg_arg2fixturedefs
ok 24 - testing/python/fixture.py::TestRequestBasic.test_request_garbage
ok 25 - testing/python/fixture.py::TestRequestBasic.test_getfixturevalue_recursive
ok 26 - testing/python/fixture.py::TestRequestBasic.test_getfixturevalue[getfixturevalue]
ok 27 - testing/python/fixture.py::TestRequestBasic.test_getfixturevalue[getfuncargvalue]
ok 28 - testing/python/fixture.py::TestRequestBasic.test_request_addfinalizer
ok 29 - testing/python/fixture.py::TestRequestBasic.test_mark_as_fixture_with_prefix_and_decorator_fails
ok 30 - testing/python/fixture.py::TestRequestBasic.test_request_addfinalizer_failing_setup
ok 31 - testing/python/fixture.py::TestRequestBasic.test_request_addfinalizer_failing_setup_module
ok 32 - testing/python/fixture.py::TestRequestBasic.test_request_addfinalizer_partial_setup_failure
ok 33 - testing/python/fixture.py::TestRequestBasic.test_request_subrequest_addfinalizer_exceptions
ok 34 - testing/python/fixture.py::TestRequestBasic.test_request_getmodulepath
ok 35 - testing/python/fixture.py::TestRequestBasic.test_request_fixturenames
ok 36 - testing/python/fixture.py::TestRequestBasic.test_funcargnames_compatattr
ok 37 - testing/python/fixture.py::TestRequestBasic.test_setupdecorator_and_xunit
ok 38 - testing/python/fixture.py::TestRequestBasic.test_fixtures_sub_subdir_normalize_sep
ok 39 - testing/python/fixture.py::TestRequestBasic.test_show_fixtures_color_yes
ok 40 - testing/python/fixture.py::TestRequestBasic.test_newstyle_with_request
ok 41 - testing/python/fixture.py::TestRequestBasic.test_setupcontext_no_param
ok 42 - testing/python/fixture.py::TestRequestMarking.test_applymarker
ok 43 - testing/python/fixture.py::TestRequestMarking.test_accesskeywords
ok 44 - testing/python/fixture.py::TestRequestMarking.test_accessmarker_dynamic
ok 45 - testing/python/fixture.py::TestRequestCachedSetup.test_request_cachedsetup_defaultmodule
ok 46 - testing/python/fixture.py::TestRequestCachedSetup.test_request_cachedsetup_class
ok 47 - testing/python/fixture.py::TestRequestCachedSetup.test_request_cachedsetup_extrakey
ok 48 - testing/python/fixture.py::TestRequestCachedSetup.test_request_cachedsetup_cache_deletion
ok 49 - testing/python/fixture.py::TestRequestCachedSetup.test_request_cached_setup_two_args
ok 50 - testing/python/fixture.py::TestRequestCachedSetup.test_request_cached_setup_getfixturevalue
ok 51 - testing/python/fixture.py::TestRequestCachedSetup.test_request_cached_setup_functional
ok 52 - testing/python/fixture.py::TestRequestCachedSetup.test_issue117_sessionscopeteardown
ok 53 - testing/python/fixture.py::TestFixtureUsages.test_noargfixturedec
ok 54 - testing/python/fixture.py::TestFixtureUsages.test_receives_funcargs
ok 55 - testing/python/fixture.py::TestFixtureUsages.test_receives_funcargs_scope_mismatch
ok 56 - testing/python/fixture.py::TestFixtureUsages.test_receives_funcargs_scope_mismatch_issue660
ok 57 - testing/python/fixture.py::TestFixtureUsages.test_invalid_scope
ok 58 - testing/python/fixture.py::TestFixtureUsages.test_funcarg_parametrized_and_used_twice
ok 59 - testing/python/fixture.py::TestFixtureUsages.test_factory_uses_unknown_funcarg_as_dependency_error
ok 60 - testing/python/fixture.py::TestFixtureUsages.test_factory_setup_as_classes_fails
ok 61 - testing/python/fixture.py::TestFixtureUsages.test_request_can_be_overridden
ok 62 - testing/python/fixture.py::TestFixtureUsages.test_usefixtures_marker
ok 63 - testing/python/fixture.py::TestFixtureUsages.test_usefixtures_ini
ok 64 - testing/python/fixture.py::TestFixtureUsages.test_usefixtures_seen_in_showmarkers
ok 65 - testing/python/fixture.py::TestFixtureUsages.test_request_instance_issue203
ok 66 - testing/python/fixture.py::TestFixtureUsages.test_fixture_parametrized_with_iterator
ok 67 - testing/python/fixture.py::TestFixtureManagerParseFactories.test_parsefactories_evil_objects_issue214
ok 68 - testing/python/fixture.py::TestFixtureManagerParseFactories.test_parsefactories_conftest
ok 69 - testing/python/fixture.py::TestFixtureManagerParseFactories.test_parsefactories_conftest_and_module_and_class
ok 70 - testing/python/fixture.py::TestFixtureManagerParseFactories.test_parsefactories_relative_node_ids
ok 71 - testing/python/fixture.py::TestAutouseDiscovery.test_parsefactories_conftest
ok 72 - testing/python/fixture.py::TestAutouseDiscovery.test_two_classes_separated_autouse
ok 73 - testing/python/fixture.py::TestAutouseDiscovery.test_setup_at_classlevel
ok 74 - testing/python/fixture.py::TestAutouseDiscovery.test_setup_enabled_functionnode # SKIP 'enabled' feature not implemented
ok 75 - testing/python/fixture.py::TestAutouseDiscovery.test_callables_nocode
ok 76 - testing/python/fixture.py::TestAutouseDiscovery.test_autouse_in_conftests
ok 77 - testing/python/fixture.py::TestAutouseDiscovery.test_autouse_in_module_and_two_classes
ok 78 - testing/python/fixture.py::TestAutouseManagement.test_autouse_conftest_mid_directory
ok 79 - testing/python/fixture.py::TestAutouseManagement.test_autouse_honored_for_yield
ok 80 - testing/python/fixture.py::TestAutouseManagement.test_funcarg_and_setup
ok 81 - testing/python/fixture.py::TestAutouseManagement.test_uses_parametrized_resource
ok 82 - testing/python/fixture.py::TestAutouseManagement.test_session_parametrized_function
ok 83 - testing/python/fixture.py::TestAutouseManagement.test_class_function_parametrization_finalization
ok 84 - testing/python/fixture.py::TestAutouseManagement.test_scope_ordering
ok 85 - testing/python/fixture.py::TestAutouseManagement.test_parametrization_setup_teardown_ordering
ok 86 - testing/python/fixture.py::TestAutouseManagement.test_ordering_autouse_before_explicit
ok 87 - testing/python/fixture.py::TestAutouseManagement.test_ordering_dependencies_torndown_first[p10-p00]
ok 88 - testing/python/fixture.py::TestAutouseManagement.test_ordering_dependencies_torndown_first[p10-p01]
ok 89 - testing/python/fixture.py::TestAutouseManagement.test_ordering_dependencies_torndown_first[p11-p00]
ok 90 - testing/python/fixture.py::TestAutouseManagement.test_ordering_dependencies_torndown_first[p11-p01]
ok 91 - testing/python/fixture.py::TestFixtureMarker.test_parametrize
ok 92 - testing/python/fixture.py::TestFixtureMarker.test_multiple_parametrization_issue_736
ok 93 - testing/python/fixture.py::TestFixtureMarker.test_override_parametrized_fixture_issue_979['fixt, val']
ok 94 - testing/python/fixture.py::TestFixtureMarker.test_override_parametrized_fixture_issue_979['fixt,val']
ok 95 - testing/python/fixture.py::TestFixtureMarker.test_override_parametrized_fixture_issue_979[['fixt', 'val']]
ok 96 - testing/python/fixture.py::TestFixtureMarker.test_override_parametrized_fixture_issue_979[('fixt', 'val')]
ok 97 - testing/python/fixture.py::TestFixtureMarker.test_scope_session
ok 98 - testing/python/fixture.py::TestFixtureMarker.test_scope_session_exc
ok 99 - testing/python/fixture.py::TestFixtureMarker.test_scope_session_exc_two_fix
ok 100 - testing/python/fixture.py::TestFixtureMarker.test_scope_exc
ok 101 - testing/python/fixture.py::TestFixtureMarker.test_scope_module_uses_session
ok 102 - testing/python/fixture.py::TestFixtureMarker.test_scope_module_and_finalizer
ok 103 - testing/python/fixture.py::TestFixtureMarker.test_scope_mismatch_various[getfixturevalue]
ok 104 - testing/python/fixture.py::TestFixtureMarker.test_scope_mismatch_various[cached_setup]
ok 105 - testing/python/fixture.py::TestFixtureMarker.test_register_only_with_mark
ok 106 - testing/python/fixture.py::TestFixtureMarker.test_parametrize_and_scope
ok 107 - testing/python/fixture.py::TestFixtureMarker.test_scope_mismatch
ok 108 - testing/python/fixture.py::TestFixtureMarker.test_parametrize_separated_order
ok 109 - testing/python/fixture.py::TestFixtureMarker.test_module_parametrized_ordering
ok 110 - testing/python/fixture.py::TestFixtureMarker.test_dynamic_parametrized_ordering
ok 111 - testing/python/fixture.py::TestFixtureMarker.test_class_ordering
ok 112 - testing/python/fixture.py::TestFixtureMarker.test_parametrize_separated_order_higher_scope_first
ok 113 - testing/python/fixture.py::TestFixtureMarker.test_parametrized_fixture_teardown_order
ok 114 - testing/python/fixture.py::TestFixtureMarker.test_fixture_finalizer
ok 115 - testing/python/fixture.py::TestFixtureMarker.test_class_scope_with_normal_tests
ok 116 - testing/python/fixture.py::TestFixtureMarker.test_request_is_clean
ok 117 - testing/python/fixture.py::TestFixtureMarker.test_parametrize_separated_lifecycle
ok 118 - testing/python/fixture.py::TestFixtureMarker.test_parametrize_function_scoped_finalizers_called
ok 119 - testing/python/fixture.py::TestFixtureMarker.test_finalizer_order_on_parametrization[session]
ok 120 - testing/python/fixture.py::TestFixtureMarker.test_finalizer_order_on_parametrization[function]
ok 121 - testing/python/fixture.py::TestFixtureMarker.test_finalizer_order_on_parametrization[module]
ok 122 - testing/python/fixture.py::TestFixtureMarker.test_class_scope_parametrization_ordering
ok 123 - testing/python/fixture.py::TestFixtureMarker.test_parametrize_setup_function
ok 124 - testing/python/fixture.py::TestFixtureMarker.test_fixture_marked_function_not_collected_as_test
ok 125 - testing/python/fixture.py::TestFixtureMarker.test_params_and_ids
ok 126 - testing/python/fixture.py::TestFixtureMarker.test_params_and_ids_yieldfixture
ok 127 - testing/python/fixture.py::TestFixtureMarker.test_deterministic_fixture_collection
ok 128 - testing/python/fixture.py::TestRequestScopeAccess.test_setup[session--fspath class function module]
ok 129 - testing/python/fixture.py::TestRequestScopeAccess.test_setup[module-module fspath-cls function]
ok 130 - testing/python/fixture.py::TestRequestScopeAccess.test_setup[class-module fspath cls-function]
ok 131 - testing/python/fixture.py::TestRequestScopeAccess.test_setup[function-module fspath cls function-]
ok 132 - testing/python/fixture.py::TestRequestScopeAccess.test_funcarg[session--fspath class function module]
ok 133 - testing/python/fixture.py::TestRequestScopeAccess.test_funcarg[module-module fspath-cls function]
ok 134 - testing/python/fixture.py::TestRequestScopeAccess.test_funcarg[class-module fspath cls-function]
ok 135 - testing/python/fixture.py::TestRequestScopeAccess.test_funcarg[function-module fspath cls function-]
ok 136 - testing/python/fixture.py::TestErrors.test_subfactory_missing_funcarg
ok 137 - testing/python/fixture.py::TestErrors.test_issue498_fixture_finalizer_failing
ok 138 - testing/python/fixture.py::TestErrors.test_setupfunc_missing_funcarg
ok 139 - testing/python/fixture.py::TestShowFixtures.test_funcarg_compat
ok 140 - testing/python/fixture.py::TestShowFixtures.test_show_fixtures
ok 141 - testing/python/fixture.py::TestShowFixtures.test_show_fixtures_verbose
ok 142 - testing/python/fixture.py::TestShowFixtures.test_show_fixtures_testmodule
ok 143 - testing/python/fixture.py::TestShowFixtures.test_show_fixtures_conftest[True]
ok 144 - testing/python/fixture.py::TestShowFixtures.test_show_fixtures_conftest[False]
ok 145 - testing/python/fixture.py::TestShowFixtures.test_show_fixtures_trimmed_doc
ok 146 - testing/python/fixture.py::TestShowFixtures.test_show_fixtures_indented_doc
ok 147 - testing/python/fixture.py::TestShowFixtures.test_show_fixtures_indented_doc_first_line_unindented
ok 148 - testing/python/fixture.py::TestShowFixtures.test_show_fixtures_indented_in_class
ok 149 - testing/python/fixture.py::TestShowFixtures.test_show_fixtures_different_files
ok 150 - testing/python/fixture.py::TestShowFixtures.test_show_fixtures_with_same_name
ok 151 - testing/python/fixture.py::TestContextManagerFixtureFuncs.test_simple[fixture]
ok 152 - testing/python/fixture.py::TestContextManagerFixtureFuncs.test_simple[yield_fixture]
ok 153 - testing/python/fixture.py::TestContextManagerFixtureFuncs.test_scoped[fixture]
ok 154 - testing/python/fixture.py::TestContextManagerFixtureFuncs.test_scoped[yield_fixture]
ok 155 - testing/python/fixture.py::TestContextManagerFixtureFuncs.test_setup_exception[fixture]
ok 156 - testing/python/fixture.py::TestContextManagerFixtureFuncs.test_setup_exception[yield_fixture]
ok 157 - testing/python/fixture.py::TestContextManagerFixtureFuncs.test_teardown_exception[fixture]
ok 158 - testing/python/fixture.py::TestContextManagerFixtureFuncs.test_teardown_exception[yield_fixture]
ok 159 - testing/python/fixture.py::TestContextManagerFixtureFuncs.test_yields_more_than_one[fixture]
ok 160 - testing/python/fixture.py::TestContextManagerFixtureFuncs.test_yields_more_than_one[yield_fixture]
ok 161 - testing/python/fixture.py::TestContextManagerFixtureFuncs.test_custom_name[fixture]
ok 162 - testing/python/fixture.py::TestContextManagerFixtureFuncs.test_custom_name[yield_fixture]
ok 163 - testing/python/fixture.py::TestParameterizedSubRequest.test_call_from_fixture
ok 164 - testing/python/fixture.py::TestParameterizedSubRequest.test_call_from_test
ok 165 - testing/python/fixture.py::TestParameterizedSubRequest.test_external_fixture
ok 166 - testing/python/fixture.py::TestParameterizedSubRequest.test_non_relative_path
ok 167 - testing/python/fixture.py::test_pytest_fixture_setup_and_post_finalizer_hook
ok 168 - testing/python/fixture.py::TestScopeOrdering.test_func_closure_module_auto[True]
ok 169 - testing/python/fixture.py::TestScopeOrdering.test_func_closure_module_auto[False]
ok 170 - testing/python/fixture.py::TestScopeOrdering.test_func_closure_with_native_fixtures
ok 171 - testing/python/fixture.py::TestScopeOrdering.test_func_closure_module
ok 172 - testing/python/fixture.py::TestScopeOrdering.test_func_closure_scopes_reordered
ok 173 - testing/python/fixture.py::TestScopeOrdering.test_func_closure_same_scope_closer_root_first
ok 174 - testing/python/fixture.py::TestScopeOrdering.test_func_closure_all_scopes_complex
1..174
