# TAP results for testing/logging/test_reporting.py
ok 1 - testing/logging/test_reporting.py::test_nothing_logged
ok 2 - testing/logging/test_reporting.py::test_messages_logged
ok 3 - testing/logging/test_reporting.py::test_setup_logging
ok 4 - testing/logging/test_reporting.py::test_teardown_logging
ok 5 - testing/logging/test_reporting.py::test_disable_log_capturing
ok 6 - testing/logging/test_reporting.py::test_disable_log_capturing_ini
ok 7 - testing/logging/test_reporting.py::test_log_cli_enabled_disabled[True]
ok 8 - testing/logging/test_reporting.py::test_log_cli_enabled_disabled[False]
ok 9 - testing/logging/test_reporting.py::test_log_cli_default_level
ok 10 - testing/logging/test_reporting.py::test_log_cli_default_level_multiple_tests
ok 11 - testing/logging/test_reporting.py::test_log_cli_default_level_sections
ok 12 - testing/logging/test_reporting.py::test_live_logs_unknown_sections
ok 13 - testing/logging/test_reporting.py::test_sections_single_new_line_after_test_outcome
ok 14 - testing/logging/test_reporting.py::test_log_cli_level
ok 15 - testing/logging/test_reporting.py::test_log_cli_ini_level
ok 16 - testing/logging/test_reporting.py::test_log_cli_auto_enable[]
ok 17 - testing/logging/test_reporting.py::test_log_cli_auto_enable[--log-level=WARNING]
ok 18 - testing/logging/test_reporting.py::test_log_cli_auto_enable[--log-file-level=WARNING]
ok 19 - testing/logging/test_reporting.py::test_log_cli_auto_enable[--log-cli-level=WARNING]
ok 20 - testing/logging/test_reporting.py::test_log_file_cli
ok 21 - testing/logging/test_reporting.py::test_log_file_cli_level
ok 22 - testing/logging/test_reporting.py::test_log_level_not_changed_by_default
ok 23 - testing/logging/test_reporting.py::test_log_file_ini
ok 24 - testing/logging/test_reporting.py::test_log_file_ini_level
ok 25 - testing/logging/test_reporting.py::test_live_logging_suspends_capture[True]
ok 26 - testing/logging/test_reporting.py::test_live_logging_suspends_capture[False]
1..26
