# TAP results for testing/test_recwarn.py
ok 1 - testing/test_recwarn.py::test_recwarn_functional
ok 2 - testing/test_recwarn.py::TestWarningsRecorderChecker.test_recording
ok 3 - testing/test_recwarn.py::TestWarningsRecorderChecker.test_typechecking
ok 4 - testing/test_recwarn.py::TestWarningsRecorderChecker.test_invalid_enter_exit
ok 5 - testing/test_recwarn.py::TestDeprecatedCall.test_deprecated_call_raises
ok 6 - testing/test_recwarn.py::TestDeprecatedCall.test_deprecated_call
ok 7 - testing/test_recwarn.py::TestDeprecatedCall.test_deprecated_call_ret
ok 8 - testing/test_recwarn.py::TestDeprecatedCall.test_deprecated_call_preserves
ok 9 - testing/test_recwarn.py::TestDeprecatedCall.test_deprecated_explicit_call_raises
ok 10 - testing/test_recwarn.py::TestDeprecatedCall.test_deprecated_explicit_call
ok 11 - testing/test_recwarn.py::TestDeprecatedCall.test_deprecated_call_no_warning[context_manager]
ok 12 - testing/test_recwarn.py::TestDeprecatedCall.test_deprecated_call_no_warning[call]
ok 13 - testing/test_recwarn.py::TestDeprecatedCall.test_deprecated_call_modes[True-context_manager-PendingDeprecationWarning]
ok 14 - testing/test_recwarn.py::TestDeprecatedCall.test_deprecated_call_modes[True-context_manager-DeprecationWarning]
ok 15 - testing/test_recwarn.py::TestDeprecatedCall.test_deprecated_call_modes[True-call-PendingDeprecationWarning]
ok 16 - testing/test_recwarn.py::TestDeprecatedCall.test_deprecated_call_modes[True-call-DeprecationWarning]
ok 17 - testing/test_recwarn.py::TestDeprecatedCall.test_deprecated_call_modes[False-context_manager-PendingDeprecationWarning]
ok 18 - testing/test_recwarn.py::TestDeprecatedCall.test_deprecated_call_modes[False-context_manager-DeprecationWarning]
ok 19 - testing/test_recwarn.py::TestDeprecatedCall.test_deprecated_call_modes[False-call-PendingDeprecationWarning]
ok 20 - testing/test_recwarn.py::TestDeprecatedCall.test_deprecated_call_modes[False-call-DeprecationWarning]
ok 21 - testing/test_recwarn.py::TestDeprecatedCall.test_deprecated_call_exception_is_raised[context_manager]
ok 22 - testing/test_recwarn.py::TestDeprecatedCall.test_deprecated_call_exception_is_raised[call]
ok 23 - testing/test_recwarn.py::TestDeprecatedCall.test_deprecated_call_specificity
ok 24 - testing/test_recwarn.py::TestWarns.test_strings
ok 25 - testing/test_recwarn.py::TestWarns.test_function
ok 26 - testing/test_recwarn.py::TestWarns.test_warning_tuple
ok 27 - testing/test_recwarn.py::TestWarns.test_as_contextmanager
ok 28 - testing/test_recwarn.py::TestWarns.test_record
ok 29 - testing/test_recwarn.py::TestWarns.test_record_only
ok 30 - testing/test_recwarn.py::TestWarns.test_record_by_subclass
ok 31 - testing/test_recwarn.py::TestWarns.test_double_test
ok 32 - testing/test_recwarn.py::TestWarns.test_match_regex
ok 33 - testing/test_recwarn.py::TestWarns.test_one_from_multiple_warns
ok 34 - testing/test_recwarn.py::TestWarns.test_none_of_multiple_warns
1..34
