# TAP results for testing/test_junitxml.py
ok 1 - testing/test_junitxml.py::TestPython.test_summing_simple
ok 2 - testing/test_junitxml.py::TestPython.test_summing_simple_with_errors
ok 3 - testing/test_junitxml.py::TestPython.test_timing_function
ok 4 - testing/test_junitxml.py::TestPython.test_setup_error
ok 5 - testing/test_junitxml.py::TestPython.test_teardown_error
ok 6 - testing/test_junitxml.py::TestPython.test_call_failure_teardown_error
ok 7 - testing/test_junitxml.py::TestPython.test_skip_contains_name_reason
ok 8 - testing/test_junitxml.py::TestPython.test_mark_skip_contains_name_reason
ok 9 - testing/test_junitxml.py::TestPython.test_mark_skipif_contains_name_reason
ok 10 - testing/test_junitxml.py::TestPython.test_mark_skip_doesnt_capture_output
ok 11 - testing/test_junitxml.py::TestPython.test_classname_instance
ok 12 - testing/test_junitxml.py::TestPython.test_classname_nested_dir
ok 13 - testing/test_junitxml.py::TestPython.test_internal_error
ok 14 - testing/test_junitxml.py::TestPython.test_failure_function[no]
ok 15 - testing/test_junitxml.py::TestPython.test_failure_function[system-out]
ok 16 - testing/test_junitxml.py::TestPython.test_failure_function[system-err]
ok 17 - testing/test_junitxml.py::TestPython.test_failure_verbose_message
ok 18 - testing/test_junitxml.py::TestPython.test_failure_escape
ok 19 - testing/test_junitxml.py::TestPython.test_junit_prefixing
ok 20 - testing/test_junitxml.py::TestPython.test_xfailure_function
ok 21 - testing/test_junitxml.py::TestPython.test_xfailure_xpass
ok 22 - testing/test_junitxml.py::TestPython.test_xfailure_xpass_strict
ok 23 - testing/test_junitxml.py::TestPython.test_collect_error
ok 24 - testing/test_junitxml.py::TestPython.test_unicode
ok 25 - testing/test_junitxml.py::TestPython.test_assertion_binchars
ok 26 - testing/test_junitxml.py::TestPython.test_pass_captures_stdout
ok 27 - testing/test_junitxml.py::TestPython.test_pass_captures_stderr
ok 28 - testing/test_junitxml.py::TestPython.test_setup_error_captures_stdout
ok 29 - testing/test_junitxml.py::TestPython.test_setup_error_captures_stderr
ok 30 - testing/test_junitxml.py::TestPython.test_avoid_double_stdout
ok 31 - testing/test_junitxml.py::test_mangle_test_address
ok 32 - testing/test_junitxml.py::test_dont_configure_on_slaves
ok 33 - testing/test_junitxml.py::TestNonPython.test_summing_simple
ok 34 - testing/test_junitxml.py::test_nullbyte
ok 35 - testing/test_junitxml.py::test_nullbyte_replace
ok 36 - testing/test_junitxml.py::test_invalid_xml_escape
ok 37 - testing/test_junitxml.py::test_logxml_path_expansion
ok 38 - testing/test_junitxml.py::test_logxml_changingdir
ok 39 - testing/test_junitxml.py::test_logxml_makedir
ok 40 - testing/test_junitxml.py::test_logxml_check_isdir
ok 41 - testing/test_junitxml.py::test_escaped_parametrized_names_xml
ok 42 - testing/test_junitxml.py::test_double_colon_split_function_issue469
ok 43 - testing/test_junitxml.py::test_double_colon_split_method_issue469
ok 44 - testing/test_junitxml.py::test_unicode_issue368
ok 45 - testing/test_junitxml.py::test_record_property
ok 46 - testing/test_junitxml.py::test_record_property_same_name
ok 47 - testing/test_junitxml.py::test_record_attribute
ok 48 - testing/test_junitxml.py::test_random_report_log_xdist # SKIP could not import 'xdist'
ok 49 - testing/test_junitxml.py::test_runs_twice
ok 50 - testing/test_junitxml.py::test_runs_twice_xdist # SKIP reason: [NOTRUN] hangs
ok 51 - testing/test_junitxml.py::test_fancy_items_regression
ok 52 - testing/test_junitxml.py::test_global_properties
ok 53 - testing/test_junitxml.py::test_url_property
ok 54 - testing/test_junitxml.py::test_set_suite_name[my_suite]
ok 55 - testing/test_junitxml.py::test_set_suite_name[]
1..55
