# TAP results for testing/test_cacheprovider.py
ok 1 - testing/test_cacheprovider.py::TestNewAPI.test_config_cache_makedir
ok 2 - testing/test_cacheprovider.py::TestNewAPI.test_config_cache_dataerror
ok 3 - testing/test_cacheprovider.py::TestNewAPI.test_cache_writefail_cachfile_silent
ok 4 - testing/test_cacheprovider.py::TestNewAPI.test_cache_writefail_permissions
ok 5 - testing/test_cacheprovider.py::TestNewAPI.test_cache_failure_warns
ok 6 - testing/test_cacheprovider.py::TestNewAPI.test_config_cache
ok 7 - testing/test_cacheprovider.py::TestNewAPI.test_cachefuncarg
ok 8 - testing/test_cacheprovider.py::TestNewAPI.test_custom_rel_cache_dir
ok 9 - testing/test_cacheprovider.py::TestNewAPI.test_custom_abs_cache_dir
ok 10 - testing/test_cacheprovider.py::TestNewAPI.test_custom_cache_dir_with_env_var
ok 11 - testing/test_cacheprovider.py::test_cache_reportheader
ok 12 - testing/test_cacheprovider.py::test_cache_show
ok 13 - testing/test_cacheprovider.py::TestLastFailed.test_lastfailed_usecase
ok 14 - testing/test_cacheprovider.py::TestLastFailed.test_failedfirst_order
ok 15 - testing/test_cacheprovider.py::TestLastFailed.test_lastfailed_failedfirst_order
ok 16 - testing/test_cacheprovider.py::TestLastFailed.test_lastfailed_difference_invocations
ok 17 - testing/test_cacheprovider.py::TestLastFailed.test_lastfailed_usecase_splice
ok 18 - testing/test_cacheprovider.py::TestLastFailed.test_lastfailed_xpass
ok 19 - testing/test_cacheprovider.py::TestLastFailed.test_non_serializable_parametrize
ok 20 - testing/test_cacheprovider.py::TestLastFailed.test_terminal_report_lastfailed
ok 21 - testing/test_cacheprovider.py::TestLastFailed.test_terminal_report_failedfirst
ok 22 - testing/test_cacheprovider.py::TestLastFailed.test_lastfailed_collectfailure
ok 23 - testing/test_cacheprovider.py::TestLastFailed.test_lastfailed_failure_subset
ok 24 - testing/test_cacheprovider.py::TestLastFailed.test_lastfailed_creates_cache_when_needed
ok 25 - testing/test_cacheprovider.py::TestLastFailed.test_xfail_not_considered_failure
ok 26 - testing/test_cacheprovider.py::TestLastFailed.test_xfail_strict_considered_failure
ok 27 - testing/test_cacheprovider.py::TestLastFailed.test_failed_changed_to_xfail_or_skip[mark.xfail]
ok 28 - testing/test_cacheprovider.py::TestLastFailed.test_failed_changed_to_xfail_or_skip[mark.skip]
ok 29 - testing/test_cacheprovider.py::TestLastFailed.test_cache_cumulative
ok 30 - testing/test_cacheprovider.py::TestLastFailed.test_lastfailed_no_failures_behavior_all_passed
ok 31 - testing/test_cacheprovider.py::TestLastFailed.test_lastfailed_no_failures_behavior_empty_cache
ok 32 - testing/test_cacheprovider.py::TestNewFirst.test_newfirst_usecase
ok 33 - testing/test_cacheprovider.py::TestNewFirst.test_newfirst_parametrize
1..33
