# TAP results for testing/code/test_source.py
ok 1 - testing/code/test_source.py::test_source_str_function
ok 2 - testing/code/test_source.py::test_unicode
ok 3 - testing/code/test_source.py::test_source_from_function
ok 4 - testing/code/test_source.py::test_source_from_method
ok 5 - testing/code/test_source.py::test_source_from_lines
ok 6 - testing/code/test_source.py::test_source_from_inner_function
ok 7 - testing/code/test_source.py::test_source_putaround_simple
ok 8 - testing/code/test_source.py::test_source_putaround
ok 9 - testing/code/test_source.py::test_source_strips
ok 10 - testing/code/test_source.py::test_source_strip_multiline
ok 11 - testing/code/test_source.py::test_syntaxerror_rerepresentation
ok 12 - testing/code/test_source.py::test_isparseable
ok 13 - testing/code/test_source.py::TestAccesses.test_getrange
ok 14 - testing/code/test_source.py::TestAccesses.test_getline
ok 15 - testing/code/test_source.py::TestAccesses.test_len
ok 16 - testing/code/test_source.py::TestAccesses.test_iter
ok 17 - testing/code/test_source.py::TestSourceParsingAndCompiling.test_compile
ok 18 - testing/code/test_source.py::TestSourceParsingAndCompiling.test_compile_and_getsource_simple
ok 19 - testing/code/test_source.py::TestSourceParsingAndCompiling.test_compile_and_getsource_through_same_function
ok 20 - testing/code/test_source.py::TestSourceParsingAndCompiling.test_getstatement
ok 21 - testing/code/test_source.py::TestSourceParsingAndCompiling.test_getstatementrange_triple_quoted
ok 22 - testing/code/test_source.py::TestSourceParsingAndCompiling.test_getstatementrange_within_constructs
ok 23 - testing/code/test_source.py::TestSourceParsingAndCompiling.test_getstatementrange_bug
ok 24 - testing/code/test_source.py::TestSourceParsingAndCompiling.test_getstatementrange_bug2
ok 25 - testing/code/test_source.py::TestSourceParsingAndCompiling.test_getstatementrange_ast_issue58
ok 26 - testing/code/test_source.py::TestSourceParsingAndCompiling.test_getstatementrange_out_of_bounds_py3
ok 27 - testing/code/test_source.py::TestSourceParsingAndCompiling.test_getstatementrange_with_syntaxerror_issue7
ok 28 - testing/code/test_source.py::TestSourceParsingAndCompiling.test_compile_to_ast
ok 29 - testing/code/test_source.py::TestSourceParsingAndCompiling.test_compile_and_getsource
ok 30 - testing/code/test_source.py::TestSourceParsingAndCompiling.test_compilefuncs_and_path_sanity[]
ok 31 - testing/code/test_source.py::TestSourceParsingAndCompiling.test_compilefuncs_and_path_sanity[None]
ok 32 - testing/code/test_source.py::TestSourceParsingAndCompiling.test_compilefuncs_and_path_sanity[my]
ok 33 - testing/code/test_source.py::TestSourceParsingAndCompiling.test_offsetless_synerr
ok 34 - testing/code/test_source.py::test_getstartingblock_singleline
ok 35 - testing/code/test_source.py::test_getline_finally
ok 36 - testing/code/test_source.py::test_getfuncsource_dynamic
ok 37 - testing/code/test_source.py::test_getfuncsource_with_multine_string
ok 38 - testing/code/test_source.py::test_deindent
ok 39 - testing/code/test_source.py::test_source_of_class_at_eof_without_newline
ok 40 - testing/code/test_source.py::test_getsource_fallback
ok 41 - testing/code/test_source.py::test_idem_compile_and_getsource
ok 42 - testing/code/test_source.py::test_findsource_fallback
ok 43 - testing/code/test_source.py::test_findsource
ok 44 - testing/code/test_source.py::test_getfslineno
ok 45 - testing/code/test_source.py::test_code_of_object_instance_with_call
ok 46 - testing/code/test_source.py::test_oneline
ok 47 - testing/code/test_source.py::test_comment_and_no_newline_at_end
ok 48 - testing/code/test_source.py::test_oneline_and_comment
ok 49 - testing/code/test_source.py::test_comments
ok 50 - testing/code/test_source.py::test_comment_in_statement
ok 51 - testing/code/test_source.py::test_single_line_else
ok 52 - testing/code/test_source.py::test_single_line_finally
ok 53 - testing/code/test_source.py::test_issue55
ok 54 - testing/code/test_source.py::TestTry.test_body
ok 55 - testing/code/test_source.py::TestTry.test_except_line
ok 56 - testing/code/test_source.py::TestTry.test_except_body
ok 57 - testing/code/test_source.py::TestTry.test_else
ok 58 - testing/code/test_source.py::TestTryFinally.test_body
ok 59 - testing/code/test_source.py::TestTryFinally.test_finally
ok 60 - testing/code/test_source.py::TestIf.test_body
ok 61 - testing/code/test_source.py::TestIf.test_elif_clause
ok 62 - testing/code/test_source.py::TestIf.test_elif
ok 63 - testing/code/test_source.py::TestIf.test_else
ok 64 - testing/code/test_source.py::test_semicolon
ok 65 - testing/code/test_source.py::test_def_online
1..65
