# TAP results for testing/test_config.py
ok 1 - testing/test_config.py::TestParseIni.test_getcfg_and_config[pytest-pytest.ini]
ok 2 - testing/test_config.py::TestParseIni.test_getcfg_and_config[tool:pytest-setup.cfg]
ok 3 - testing/test_config.py::TestParseIni.test_getcfg_empty_path
ok 4 - testing/test_config.py::TestParseIni.test_append_parse_args
ok 5 - testing/test_config.py::TestParseIni.test_tox_ini_wrong_version
ok 6 - testing/test_config.py::TestParseIni.test_ini_names[tool:pytest-setup.cfg]
ok 7 - testing/test_config.py::TestParseIni.test_ini_names[pytest-tox.ini]
ok 8 - testing/test_config.py::TestParseIni.test_ini_names[pytest-pytest.ini]
ok 9 - testing/test_config.py::TestParseIni.test_toxini_before_lower_pytestini
ok 10 - testing/test_config.py::TestParseIni.test_confcutdir # SKIP probably not needed
ok 11 - testing/test_config.py::TestConfigCmdlineParsing.test_parsing_again_fails
ok 12 - testing/test_config.py::TestConfigCmdlineParsing.test_explicitly_specified_config_file_is_loaded
ok 13 - testing/test_config.py::TestConfigCmdlineParsing.test_absolute_win32_path
ok 14 - testing/test_config.py::TestConfigAPI.test_config_trace
ok 15 - testing/test_config.py::TestConfigAPI.test_config_getoption
ok 16 - testing/test_config.py::TestConfigAPI.test_config_getoption_unicode # SKIP condition: sys.version_info[0] < 3
ok 17 - testing/test_config.py::TestConfigAPI.test_config_getvalueorskip
ok 18 - testing/test_config.py::TestConfigAPI.test_config_getvalueorskip_None
ok 19 - testing/test_config.py::TestConfigAPI.test_getoption
ok 20 - testing/test_config.py::TestConfigAPI.test_getconftest_pathlist
ok 21 - testing/test_config.py::TestConfigAPI.test_addini
ok 22 - testing/test_config.py::TestConfigAPI.test_addini_pathlist
ok 23 - testing/test_config.py::TestConfigAPI.test_addini_args
ok 24 - testing/test_config.py::TestConfigAPI.test_addini_linelist
ok 25 - testing/test_config.py::TestConfigAPI.test_addini_bool[True-True]
ok 26 - testing/test_config.py::TestConfigAPI.test_addini_bool[no-False]
ok 27 - testing/test_config.py::TestConfigAPI.test_addini_bool[no-ini-True]
ok 28 - testing/test_config.py::TestConfigAPI.test_addinivalue_line_existing
ok 29 - testing/test_config.py::TestConfigAPI.test_addinivalue_line_new
ok 30 - testing/test_config.py::TestConfigAPI.test_confcutdir_check_isdir
ok 31 - testing/test_config.py::TestConfigAPI.test_iter_rewritable_modules[names0-expected0]
ok 32 - testing/test_config.py::TestConfigAPI.test_iter_rewritable_modules[names1-expected1]
ok 33 - testing/test_config.py::TestConfigAPI.test_iter_rewritable_modules[names2-expected2]
ok 34 - testing/test_config.py::TestConfigAPI.test_iter_rewritable_modules[names3-expected3]
ok 35 - testing/test_config.py::TestConfigAPI.test_iter_rewritable_modules[names4-expected4]
ok 36 - testing/test_config.py::TestConfigFromdictargs.test_basic_behavior
ok 37 - testing/test_config.py::TestConfigFromdictargs.test_origargs
ok 38 - testing/test_config.py::TestConfigFromdictargs.test_inifilename
ok 39 - testing/test_config.py::test_options_on_small_file_do_not_blow_up
ok 40 - testing/test_config.py::test_preparse_ordering_with_setuptools
ok 41 - testing/test_config.py::test_setuptools_importerror_issue1479
ok 42 - testing/test_config.py::test_plugin_preparse_prevents_setuptools_loading[True]
ok 43 - testing/test_config.py::test_plugin_preparse_prevents_setuptools_loading[False]
ok 44 - testing/test_config.py::test_cmdline_processargs_simple
ok 45 - testing/test_config.py::test_invalid_options_show_extra_information
ok 46 - testing/test_config.py::test_consider_args_after_options_for_rootdir_and_inifile[args0]
ok 47 - testing/test_config.py::test_consider_args_after_options_for_rootdir_and_inifile[args1]
ok 48 - testing/test_config.py::test_consider_args_after_options_for_rootdir_and_inifile[args2]
ok 49 - testing/test_config.py::test_consider_args_after_options_for_rootdir_and_inifile[args3]
ok 50 - testing/test_config.py::test_toolongargs_issue224
ok 51 - testing/test_config.py::test_config_in_subdirectory_colon_command_line_issue2148
ok 52 - testing/test_config.py::test_notify_exception
ok 53 - testing/test_config.py::test_load_initial_conftest_last_ordering
ok 54 - testing/test_config.py::test_get_plugin_specs_as_list
ok 55 - testing/test_config.py::TestWarning.test_warn_config
ok 56 - testing/test_config.py::TestWarning.test_warn_on_test_item_from_request
ok 57 - testing/test_config.py::TestRootdir.test_simple_noini
ok 58 - testing/test_config.py::TestRootdir.test_with_ini[setup.cfg]
ok 59 - testing/test_config.py::TestRootdir.test_with_ini[tox.ini]
ok 60 - testing/test_config.py::TestRootdir.test_with_ini[pytest.ini]
ok 61 - testing/test_config.py::TestRootdir.test_pytestini_overides_empty_other[setup.cfg]
ok 62 - testing/test_config.py::TestRootdir.test_pytestini_overides_empty_other[tox.ini]
ok 63 - testing/test_config.py::TestRootdir.test_setuppy_fallback
ok 64 - testing/test_config.py::TestRootdir.test_nothing
ok 65 - testing/test_config.py::TestRootdir.test_with_specific_inifile
ok 66 - testing/test_config.py::TestOverrideIniArgs.test_override_ini_names[setup.cfg]
ok 67 - testing/test_config.py::TestOverrideIniArgs.test_override_ini_names[tox.ini]
ok 68 - testing/test_config.py::TestOverrideIniArgs.test_override_ini_names[pytest.ini]
ok 69 - testing/test_config.py::TestOverrideIniArgs.test_override_ini_pathlist
ok 70 - testing/test_config.py::TestOverrideIniArgs.test_override_multiple_and_default
ok 71 - testing/test_config.py::TestOverrideIniArgs.test_override_ini_usage_error_bad_style
ok 72 - testing/test_config.py::TestOverrideIniArgs.test_override_ini_handled_asap[True]
ok 73 - testing/test_config.py::TestOverrideIniArgs.test_override_ini_handled_asap[False]
ok 74 - testing/test_config.py::TestOverrideIniArgs.test_with_arg_outside_cwd_without_inifile
ok 75 - testing/test_config.py::TestOverrideIniArgs.test_with_arg_outside_cwd_with_inifile
ok 76 - testing/test_config.py::TestOverrideIniArgs.test_with_non_dir_arg[dirs0]
ok 77 - testing/test_config.py::TestOverrideIniArgs.test_with_non_dir_arg[dirs1]
ok 78 - testing/test_config.py::TestOverrideIniArgs.test_with_non_dir_arg[dirs2]
ok 79 - testing/test_config.py::TestOverrideIniArgs.test_with_existing_file_in_subdir
ok 80 - testing/test_config.py::TestOverrideIniArgs.test_addopts_before_initini
ok 81 - testing/test_config.py::TestOverrideIniArgs.test_override_ini_does_not_contain_paths
ok 82 - testing/test_config.py::TestOverrideIniArgs.test_multiple_override_ini_options
1..82
