# TAP results for testing/test_assertrewrite.py
ok 1 - testing/test_assertrewrite.py::TestAssertionRewrite.test_place_initial_imports
ok 2 - testing/test_assertrewrite.py::TestAssertionRewrite.test_dont_rewrite
ok 3 - testing/test_assertrewrite.py::TestAssertionRewrite.test_dont_rewrite_plugin
ok 4 - testing/test_assertrewrite.py::TestAssertionRewrite.test_name
ok 5 - testing/test_assertrewrite.py::TestAssertionRewrite.test_assert_already_has_message
ok 6 - testing/test_assertrewrite.py::TestAssertionRewrite.test_assertion_message
ok 7 - testing/test_assertrewrite.py::TestAssertionRewrite.test_assertion_message_multiline
ok 8 - testing/test_assertrewrite.py::TestAssertionRewrite.test_assertion_message_tuple
ok 9 - testing/test_assertrewrite.py::TestAssertionRewrite.test_assertion_message_expr
ok 10 - testing/test_assertrewrite.py::TestAssertionRewrite.test_assertion_message_escape
ok 11 - testing/test_assertrewrite.py::TestAssertionRewrite.test_boolop
ok 12 - testing/test_assertrewrite.py::TestAssertionRewrite.test_short_circuit_evaluation
ok 13 - testing/test_assertrewrite.py::TestAssertionRewrite.test_unary_op
ok 14 - testing/test_assertrewrite.py::TestAssertionRewrite.test_binary_op
ok 15 - testing/test_assertrewrite.py::TestAssertionRewrite.test_boolop_percent
ok 16 - testing/test_assertrewrite.py::TestAssertionRewrite.test_at_operator_issue1290 # SKIP condition: sys.version_info < (3,5)
ok 17 - testing/test_assertrewrite.py::TestAssertionRewrite.test_call
ok 18 - testing/test_assertrewrite.py::TestAssertionRewrite.test_attribute
ok 19 - testing/test_assertrewrite.py::TestAssertionRewrite.test_comparisons
ok 20 - testing/test_assertrewrite.py::TestAssertionRewrite.test_len
ok 21 - testing/test_assertrewrite.py::TestAssertionRewrite.test_custom_reprcompare
ok 22 - testing/test_assertrewrite.py::TestAssertionRewrite.test_assert_raising_nonzero_in_comparison
ok 23 - testing/test_assertrewrite.py::TestAssertionRewrite.test_formatchar
ok 24 - testing/test_assertrewrite.py::TestAssertionRewrite.test_custom_repr
ok 25 - testing/test_assertrewrite.py::TestRewriteOnImport.test_pycache_is_a_file
ok 26 - testing/test_assertrewrite.py::TestRewriteOnImport.test_pycache_is_readonly
ok 27 - testing/test_assertrewrite.py::TestRewriteOnImport.test_zipfile
ok 28 - testing/test_assertrewrite.py::TestRewriteOnImport.test_readonly
ok 29 - testing/test_assertrewrite.py::TestRewriteOnImport.test_dont_write_bytecode
ok 30 - testing/test_assertrewrite.py::TestRewriteOnImport.test_orphaned_pyc_file
ok 31 - testing/test_assertrewrite.py::TestRewriteOnImport.test_pyc_vs_pyo
ok 32 - testing/test_assertrewrite.py::TestRewriteOnImport.test_package
ok 33 - testing/test_assertrewrite.py::TestRewriteOnImport.test_translate_newlines
ok 34 - testing/test_assertrewrite.py::TestRewriteOnImport.test_package_without__init__py # SKIP packages without __init__.py not supported on python 2
ok 35 - testing/test_assertrewrite.py::TestRewriteOnImport.test_rewrite_warning
ok 36 - testing/test_assertrewrite.py::TestRewriteOnImport.test_rewrite_module_imported_from_conftest
ok 37 - testing/test_assertrewrite.py::TestRewriteOnImport.test_remember_rewritten_modules
ok 38 - testing/test_assertrewrite.py::TestRewriteOnImport.test_rewrite_warning_using_pytest_plugins
ok 39 - testing/test_assertrewrite.py::TestRewriteOnImport.test_rewrite_warning_using_pytest_plugins_env_var
ok 40 - testing/test_assertrewrite.py::TestRewriteOnImport.test_rewrite_future_imports
ok 41 - testing/test_assertrewrite.py::TestAssertionRewriteHookDetails.test_loader_is_package_false_for_module
ok 42 - testing/test_assertrewrite.py::TestAssertionRewriteHookDetails.test_loader_is_package_true_for_package
ok 43 - testing/test_assertrewrite.py::TestAssertionRewriteHookDetails.test_assume_ascii
ok 44 - testing/test_assertrewrite.py::TestAssertionRewriteHookDetails.test_detect_coding_cookie
ok 45 - testing/test_assertrewrite.py::TestAssertionRewriteHookDetails.test_detect_coding_cookie_second_line
ok 46 - testing/test_assertrewrite.py::TestAssertionRewriteHookDetails.test_detect_coding_cookie_crlf
ok 47 - testing/test_assertrewrite.py::TestAssertionRewriteHookDetails.test_sys_meta_path_munged
ok 48 - testing/test_assertrewrite.py::TestAssertionRewriteHookDetails.test_write_pyc
ok 49 - testing/test_assertrewrite.py::TestAssertionRewriteHookDetails.test_resources_provider_for_loader
ok 50 - testing/test_assertrewrite.py::TestAssertionRewriteHookDetails.test_read_pyc
ok 51 - testing/test_assertrewrite.py::TestAssertionRewriteHookDetails.test_reload_is_same
ok 52 - testing/test_assertrewrite.py::TestAssertionRewriteHookDetails.test_get_data_support
ok 53 - testing/test_assertrewrite.py::test_issue731
ok 54 - testing/test_assertrewrite.py::TestIssue925.test_simple_case
ok 55 - testing/test_assertrewrite.py::TestIssue925.test_long_case
ok 56 - testing/test_assertrewrite.py::TestIssue925.test_many_brackets
ok 57 - testing/test_assertrewrite.py::TestIssue2121.test_simple
1..57
