# TAP results for testing/python/metafunc.py
ok 1 - testing/python/metafunc.py::TestMetafunc.test_no_funcargs
ok 2 - testing/python/metafunc.py::TestMetafunc.test_function_basic
ok 3 - testing/python/metafunc.py::TestMetafunc.test_addcall_no_args
ok 4 - testing/python/metafunc.py::TestMetafunc.test_addcall_id
ok 5 - testing/python/metafunc.py::TestMetafunc.test_addcall_param
ok 6 - testing/python/metafunc.py::TestMetafunc.test_addcall_funcargs
ok 7 - testing/python/metafunc.py::TestMetafunc.test_parametrize_error
ok 8 - testing/python/metafunc.py::TestMetafunc.test_parametrize_bad_scope
ok 9 - testing/python/metafunc.py::TestMetafunc.test_parametrize_and_id
ok 10 - testing/python/metafunc.py::TestMetafunc.test_parametrize_and_id_unicode
ok 11 - testing/python/metafunc.py::TestMetafunc.test_parametrize_with_wrong_number_of_ids
ok 12 - testing/python/metafunc.py::TestMetafunc.test_parametrize_empty_list
ok 13 - testing/python/metafunc.py::TestMetafunc.test_parametrize_with_userobjects
ok 14 - testing/python/metafunc.py::TestMetafunc.test_idval_hypothesis
ok 15 - testing/python/metafunc.py::TestMetafunc.test_unicode_idval
ok 16 - testing/python/metafunc.py::TestMetafunc.test_bytes_idval
ok 17 - testing/python/metafunc.py::TestMetafunc.test_class_or_function_idval
ok 18 - testing/python/metafunc.py::TestMetafunc.test_idmaker_autoname
ok 19 - testing/python/metafunc.py::TestMetafunc.test_idmaker_with_bytes_regex
ok 20 - testing/python/metafunc.py::TestMetafunc.test_idmaker_native_strings
ok 21 - testing/python/metafunc.py::TestMetafunc.test_idmaker_enum
ok 22 - testing/python/metafunc.py::TestMetafunc.test_idmaker_idfn
ok 23 - testing/python/metafunc.py::TestMetafunc.test_idmaker_idfn_unique_names
ok 24 - testing/python/metafunc.py::TestMetafunc.test_idmaker_idfn_exception
ok 25 - testing/python/metafunc.py::TestMetafunc.test_parametrize_ids_exception
ok 26 - testing/python/metafunc.py::TestMetafunc.test_idmaker_with_ids
ok 27 - testing/python/metafunc.py::TestMetafunc.test_idmaker_with_paramset_id
ok 28 - testing/python/metafunc.py::TestMetafunc.test_idmaker_with_ids_unique_names
ok 29 - testing/python/metafunc.py::TestMetafunc.test_addcall_and_parametrize
ok 30 - testing/python/metafunc.py::TestMetafunc.test_parametrize_indirect
ok 31 - testing/python/metafunc.py::TestMetafunc.test_parametrize_indirect_list
ok 32 - testing/python/metafunc.py::TestMetafunc.test_parametrize_indirect_list_all
ok 33 - testing/python/metafunc.py::TestMetafunc.test_parametrize_indirect_list_empty
ok 34 - testing/python/metafunc.py::TestMetafunc.test_parametrize_indirect_list_functional
ok 35 - testing/python/metafunc.py::TestMetafunc.test_parametrize_indirect_list_error
ok 36 - testing/python/metafunc.py::TestMetafunc.test_parametrize_uses_no_fixture_error_indirect_false
ok 37 - testing/python/metafunc.py::TestMetafunc.test_parametrize_uses_no_fixture_error_indirect_true
ok 38 - testing/python/metafunc.py::TestMetafunc.test_parametrize_indirect_uses_no_fixture_error_indirect_string
ok 39 - testing/python/metafunc.py::TestMetafunc.test_parametrize_indirect_uses_no_fixture_error_indirect_list
ok 40 - testing/python/metafunc.py::TestMetafunc.test_parametrize_argument_not_in_indirect_list
ok 41 - testing/python/metafunc.py::TestMetafunc.test_addcalls_and_parametrize_indirect
ok 42 - testing/python/metafunc.py::TestMetafunc.test_parametrize_functional
ok 43 - testing/python/metafunc.py::TestMetafunc.test_parametrize_onearg
ok 44 - testing/python/metafunc.py::TestMetafunc.test_parametrize_onearg_indirect
ok 45 - testing/python/metafunc.py::TestMetafunc.test_parametrize_twoargs
ok 46 - testing/python/metafunc.py::TestMetafunc.test_parametrize_multiple_times
ok 47 - testing/python/metafunc.py::TestMetafunc.test_parametrize_CSV
ok 48 - testing/python/metafunc.py::TestMetafunc.test_parametrize_class_scenarios
ok 49 - testing/python/metafunc.py::TestMetafunc.test_format_args
ok 50 - testing/python/metafunc.py::TestMetafuncFunctional.test_attributes
ok 51 - testing/python/metafunc.py::TestMetafuncFunctional.test_addcall_with_two_funcargs_generators
ok 52 - testing/python/metafunc.py::TestMetafuncFunctional.test_two_functions
ok 53 - testing/python/metafunc.py::TestMetafuncFunctional.test_noself_in_method
ok 54 - testing/python/metafunc.py::TestMetafuncFunctional.test_generate_plugin_and_module
ok 55 - testing/python/metafunc.py::TestMetafuncFunctional.test_generate_tests_in_class
ok 56 - testing/python/metafunc.py::TestMetafuncFunctional.test_two_functions_not_same_instance
ok 57 - testing/python/metafunc.py::TestMetafuncFunctional.test_issue28_setup_method_in_generate_tests
ok 58 - testing/python/metafunc.py::TestMetafuncFunctional.test_parametrize_functional2
ok 59 - testing/python/metafunc.py::TestMetafuncFunctional.test_parametrize_and_inner_getfixturevalue
ok 60 - testing/python/metafunc.py::TestMetafuncFunctional.test_parametrize_on_setup_arg
ok 61 - testing/python/metafunc.py::TestMetafuncFunctional.test_parametrize_with_ids
ok 62 - testing/python/metafunc.py::TestMetafuncFunctional.test_parametrize_without_ids
ok 63 - testing/python/metafunc.py::TestMetafuncFunctional.test_parametrize_with_None_in_ids
ok 64 - testing/python/metafunc.py::TestMetafuncFunctional.test_fixture_parametrized_empty_ids
ok 65 - testing/python/metafunc.py::TestMetafuncFunctional.test_parametrized_empty_ids
ok 66 - testing/python/metafunc.py::TestMetafuncFunctional.test_parametrized_ids_invalid_type
ok 67 - testing/python/metafunc.py::TestMetafuncFunctional.test_parametrize_with_identical_ids_get_unique_names
ok 68 - testing/python/metafunc.py::TestMetafuncFunctional.test_parametrize_scope_overrides[module-2]
ok 69 - testing/python/metafunc.py::TestMetafuncFunctional.test_parametrize_scope_overrides[function-4]
ok 70 - testing/python/metafunc.py::TestMetafuncFunctional.test_parametrize_issue323
ok 71 - testing/python/metafunc.py::TestMetafuncFunctional.test_usefixtures_seen_in_generate_tests
ok 72 - testing/python/metafunc.py::TestMetafuncFunctional.test_generate_tests_only_done_in_subdir
ok 73 - testing/python/metafunc.py::TestMetafuncFunctional.test_generate_same_function_names_issue403
ok 74 - testing/python/metafunc.py::TestMetafuncFunctional.test_parametrize_misspelling[parametrise]
ok 75 - testing/python/metafunc.py::TestMetafuncFunctional.test_parametrize_misspelling[parameterize]
ok 76 - testing/python/metafunc.py::TestMetafuncFunctional.test_parametrize_misspelling[parameterise]
ok 77 - testing/python/metafunc.py::TestMetafuncFunctionalAuto.test_parametrize_auto_scope
ok 78 - testing/python/metafunc.py::TestMetafuncFunctionalAuto.test_parametrize_auto_scope_indirect
ok 79 - testing/python/metafunc.py::TestMetafuncFunctionalAuto.test_parametrize_auto_scope_override_fixture
ok 80 - testing/python/metafunc.py::TestMetafuncFunctionalAuto.test_parametrize_all_indirects
ok 81 - testing/python/metafunc.py::TestMetafuncFunctionalAuto.test_parametrize_issue634
ok 82 - testing/python/metafunc.py::TestMarkersWithParametrization.test_simple_mark
ok 83 - testing/python/metafunc.py::TestMarkersWithParametrization.test_select_based_on_mark
ok 84 - testing/python/metafunc.py::TestMarkersWithParametrization.test_nested_marks # SKIP is this important to support??
ok 85 - testing/python/metafunc.py::TestMarkersWithParametrization.test_simple_xfail
ok 86 - testing/python/metafunc.py::TestMarkersWithParametrization.test_simple_xfail_single_argname
ok 87 - testing/python/metafunc.py::TestMarkersWithParametrization.test_xfail_with_arg
ok 88 - testing/python/metafunc.py::TestMarkersWithParametrization.test_xfail_with_kwarg
ok 89 - testing/python/metafunc.py::TestMarkersWithParametrization.test_xfail_with_arg_and_kwarg
ok 90 - testing/python/metafunc.py::TestMarkersWithParametrization.test_xfail_passing_is_xpass[True]
ok 91 - testing/python/metafunc.py::TestMarkersWithParametrization.test_xfail_passing_is_xpass[False]
ok 92 - testing/python/metafunc.py::TestMarkersWithParametrization.test_parametrize_called_in_generate_tests
ok 93 - testing/python/metafunc.py::TestMarkersWithParametrization.test_parametrize_ID_generation_string_int_works
ok 94 - testing/python/metafunc.py::TestMarkersWithParametrization.test_parametrize_marked_value[True]
ok 95 - testing/python/metafunc.py::TestMarkersWithParametrization.test_parametrize_marked_value[False]
ok 96 - testing/python/metafunc.py::TestMarkersWithParametrization.test_pytest_make_parametrize_id
ok 97 - testing/python/metafunc.py::TestMarkersWithParametrization.test_pytest_make_parametrize_id_with_argname
1..97
