# TAP results for testing/test_pluginmanager.py
ok 1 - testing/test_pluginmanager.py::TestPytestPluginInteractions.test_addhooks_conftestplugin
ok 2 - testing/test_pluginmanager.py::TestPytestPluginInteractions.test_addhooks_nohooks
ok 3 - testing/test_pluginmanager.py::TestPytestPluginInteractions.test_namespace_early_from_import
ok 4 - testing/test_pluginmanager.py::TestPytestPluginInteractions.test_do_ext_namespace
ok 5 - testing/test_pluginmanager.py::TestPytestPluginInteractions.test_do_option_postinitialize
ok 6 - testing/test_pluginmanager.py::TestPytestPluginInteractions.test_configure
ok 7 - testing/test_pluginmanager.py::TestPytestPluginInteractions.test_hook_tracing
ok 8 - testing/test_pluginmanager.py::TestPytestPluginInteractions.test_hook_proxy
ok 9 - testing/test_pluginmanager.py::TestPytestPluginInteractions.test_warn_on_deprecated_addhooks
ok 10 - testing/test_pluginmanager.py::test_namespace_has_default_and_env_plugins
ok 11 - testing/test_pluginmanager.py::test_default_markers
ok 12 - testing/test_pluginmanager.py::test_importplugin_error_message
ok 13 - testing/test_pluginmanager.py::TestPytestPluginManager.test_register_imported_modules
ok 14 - testing/test_pluginmanager.py::TestPytestPluginManager.test_canonical_import
ok 15 - testing/test_pluginmanager.py::TestPytestPluginManager.test_consider_module
ok 16 - testing/test_pluginmanager.py::TestPytestPluginManager.test_consider_module_import_module
ok 17 - testing/test_pluginmanager.py::TestPytestPluginManager.test_consider_env_fails_to_import
ok 18 - testing/test_pluginmanager.py::TestPytestPluginManager.test_plugin_skip
ok 19 - testing/test_pluginmanager.py::TestPytestPluginManager.test_consider_env_plugin_instantiation
ok 20 - testing/test_pluginmanager.py::TestPytestPluginManager.test_pluginmanager_ENV_startup
ok 21 - testing/test_pluginmanager.py::TestPytestPluginManager.test_import_plugin_importname
ok 22 - testing/test_pluginmanager.py::TestPytestPluginManager.test_import_plugin_dotted_name
ok 23 - testing/test_pluginmanager.py::TestPytestPluginManager.test_consider_conftest_deps
ok 24 - testing/test_pluginmanager.py::TestPytestPluginManagerBootstrapming.test_preparse_args
ok 25 - testing/test_pluginmanager.py::TestPytestPluginManagerBootstrapming.test_plugin_prevent_register
ok 26 - testing/test_pluginmanager.py::TestPytestPluginManagerBootstrapming.test_plugin_prevent_register_unregistered_alredy_registered
1..26
