# TAP results for test_color_yes_collection_on_non_atty.py
ok 1 - test_color_yes_collection_on_non_atty.py::test_this[0]
ok 2 - test_color_yes_collection_on_non_atty.py::test_this[1]
ok 3 - test_color_yes_collection_on_non_atty.py::test_this[2]
ok 4 - test_color_yes_collection_on_non_atty.py::test_this[3]
ok 5 - test_color_yes_collection_on_non_atty.py::test_this[4]
ok 6 - test_color_yes_collection_on_non_atty.py::test_this[5]
ok 7 - test_color_yes_collection_on_non_atty.py::test_this[6]
ok 8 - test_color_yes_collection_on_non_atty.py::test_this[7]
ok 9 - test_color_yes_collection_on_non_atty.py::test_this[8]
ok 10 - test_color_yes_collection_on_non_atty.py::test_this[9]
ok 11 - test_color_yes_collection_on_non_atty.py::test_this[0]
ok 12 - test_color_yes_collection_on_non_atty.py::test_this[1]
ok 13 - test_color_yes_collection_on_non_atty.py::test_this[2]
ok 14 - test_color_yes_collection_on_non_atty.py::test_this[3]
ok 15 - test_color_yes_collection_on_non_atty.py::test_this[4]
ok 16 - test_color_yes_collection_on_non_atty.py::test_this[5]
ok 17 - test_color_yes_collection_on_non_atty.py::test_this[6]
ok 18 - test_color_yes_collection_on_non_atty.py::test_this[7]
ok 19 - test_color_yes_collection_on_non_atty.py::test_this[8]
ok 20 - test_color_yes_collection_on_non_atty.py::test_this[9]
1..20
