# TAP results for testing/test_capture.py
ok 1 - testing/test_capture.py::TestCaptureManager.test_getmethod_default_no_fd
ok 2 - testing/test_capture.py::TestCaptureManager.test_capturing_basic_api[no]
ok 3 - testing/test_capture.py::TestCaptureManager.test_capturing_basic_api[sys]
ok 4 - testing/test_capture.py::TestCaptureManager.test_capturing_basic_api[fd]
ok 5 - testing/test_capture.py::TestCaptureManager.test_init_capturing
ok 6 - testing/test_capture.py::test_capturing_unicode[fd]
ok 7 - testing/test_capture.py::test_capturing_unicode[sys]
ok 8 - testing/test_capture.py::test_capturing_bytes_in_utf8_encoding[fd]
ok 9 - testing/test_capture.py::test_capturing_bytes_in_utf8_encoding[sys]
ok 10 - testing/test_capture.py::test_collect_capturing
ok 11 - testing/test_capture.py::TestPerTestCapturing.test_capture_and_fixtures
ok 12 - testing/test_capture.py::TestPerTestCapturing.test_capture_scope_cache # SKIP unimplemented feature
ok 13 - testing/test_capture.py::TestPerTestCapturing.test_no_carry_over
ok 14 - testing/test_capture.py::TestPerTestCapturing.test_teardown_capturing
ok 15 - testing/test_capture.py::TestPerTestCapturing.test_teardown_capturing_final
ok 16 - testing/test_capture.py::TestPerTestCapturing.test_capturing_outerr
ok 17 - testing/test_capture.py::TestLoggingInteraction.test_logging_stream_ownership
ok 18 - testing/test_capture.py::TestLoggingInteraction.test_logging_and_immediate_setupteardown
ok 19 - testing/test_capture.py::TestLoggingInteraction.test_logging_and_crossscope_fixtures
ok 20 - testing/test_capture.py::TestLoggingInteraction.test_conftestlogging_is_shown
ok 21 - testing/test_capture.py::TestLoggingInteraction.test_conftestlogging_and_test_logging
ok 22 - testing/test_capture.py::TestCaptureFixture.test_std_functional[opt0]
ok 23 - testing/test_capture.py::TestCaptureFixture.test_std_functional[opt1]
ok 24 - testing/test_capture.py::TestCaptureFixture.test_capsyscapfd
ok 25 - testing/test_capture.py::TestCaptureFixture.test_capturing_getfixturevalue
ok 26 - testing/test_capture.py::TestCaptureFixture.test_capsyscapfdbinary
ok 27 - testing/test_capture.py::TestCaptureFixture.test_capture_is_represented_on_failure_issue128[sys]
ok 28 - testing/test_capture.py::TestCaptureFixture.test_capture_is_represented_on_failure_issue128[fd]
ok 29 - testing/test_capture.py::TestCaptureFixture.test_stdfd_functional
ok 30 - testing/test_capture.py::TestCaptureFixture.test_capfdbinary
ok 31 - testing/test_capture.py::TestCaptureFixture.test_capsysbinary # SKIP only have capsysbinary in python 3
ok 32 - testing/test_capture.py::TestCaptureFixture.test_capsysbinary_forbidden_in_python2
ok 33 - testing/test_capture.py::TestCaptureFixture.test_partial_setup_failure
ok 34 - testing/test_capture.py::TestCaptureFixture.test_keyboardinterrupt_disables_capturing
ok 35 - testing/test_capture.py::TestCaptureFixture.test_capture_and_logging
ok 36 - testing/test_capture.py::TestCaptureFixture.test_disabled_capture_fixture[True-capsys]
ok 37 - testing/test_capture.py::TestCaptureFixture.test_disabled_capture_fixture[True-capfd]
ok 38 - testing/test_capture.py::TestCaptureFixture.test_disabled_capture_fixture[False-capsys]
ok 39 - testing/test_capture.py::TestCaptureFixture.test_disabled_capture_fixture[False-capfd]
ok 40 - testing/test_capture.py::TestCaptureFixture.test_fixture_use_by_other_fixtures[capsys]
ok 41 - testing/test_capture.py::TestCaptureFixture.test_fixture_use_by_other_fixtures[capfd]
ok 42 - testing/test_capture.py::test_setup_failure_does_not_kill_capturing
ok 43 - testing/test_capture.py::test_fdfuncarg_skips_on_no_osdup
ok 44 - testing/test_capture.py::test_capture_conftest_runtest_setup
ok 45 - testing/test_capture.py::test_capture_badoutput_issue412
ok 46 - testing/test_capture.py::test_capture_early_option_parsing
ok 47 - testing/test_capture.py::test_capture_binary_output
ok 48 - testing/test_capture.py::test_error_during_readouterr
ok 49 - testing/test_capture.py::TestCaptureIO.test_text
ok 50 - testing/test_capture.py::TestCaptureIO.test_unicode_and_str_mixture
ok 51 - testing/test_capture.py::TestCaptureIO.test_write_bytes_to_buffer # SKIP python 3 only behaviour
ok 52 - testing/test_capture.py::test_bytes_io
ok 53 - testing/test_capture.py::test_dontreadfrominput
ok 54 - testing/test_capture.py::test_dontreadfrominput_buffer_python3 # SKIP python2 has no buffer
ok 55 - testing/test_capture.py::test_dontreadfrominput_buffer_python2
ok 56 - testing/test_capture.py::test_dupfile
ok 57 - testing/test_capture.py::test_dupfile_on_bytesio
ok 58 - testing/test_capture.py::test_dupfile_on_textio
ok 59 - testing/test_capture.py::TestFDCapture.test_simple
ok 60 - testing/test_capture.py::TestFDCapture.test_simple_many
ok 61 - testing/test_capture.py::TestFDCapture.test_simple_many_check_open_files
ok 62 - testing/test_capture.py::TestFDCapture.test_simple_fail_second_start
ok 63 - testing/test_capture.py::TestFDCapture.test_stderr
ok 64 - testing/test_capture.py::TestFDCapture.test_stdin
ok 65 - testing/test_capture.py::TestFDCapture.test_writeorg
ok 66 - testing/test_capture.py::TestFDCapture.test_simple_resume_suspend
ok 67 - testing/test_capture.py::TestStdCapture.test_capturing_done_simple
ok 68 - testing/test_capture.py::TestStdCapture.test_capturing_reset_simple
ok 69 - testing/test_capture.py::TestStdCapture.test_capturing_readouterr
ok 70 - testing/test_capture.py::TestStdCapture.test_capture_results_accessible_by_attribute
ok 71 - testing/test_capture.py::TestStdCapture.test_capturing_readouterr_unicode
ok 72 - testing/test_capture.py::TestStdCapture.test_capturing_readouterr_decode_error_handling
ok 73 - testing/test_capture.py::TestStdCapture.test_reset_twice_error
ok 74 - testing/test_capture.py::TestStdCapture.test_capturing_modify_sysouterr_in_between
ok 75 - testing/test_capture.py::TestStdCapture.test_capturing_error_recursive
ok 76 - testing/test_capture.py::TestStdCapture.test_just_out_capture
ok 77 - testing/test_capture.py::TestStdCapture.test_just_err_capture
ok 78 - testing/test_capture.py::TestStdCapture.test_stdin_restored
ok 79 - testing/test_capture.py::TestStdCapture.test_stdin_nulled_by_default
ok 80 - testing/test_capture.py::TestStdCaptureFD.test_capturing_done_simple
ok 81 - testing/test_capture.py::TestStdCaptureFD.test_capturing_reset_simple
ok 82 - testing/test_capture.py::TestStdCaptureFD.test_capturing_readouterr
ok 83 - testing/test_capture.py::TestStdCaptureFD.test_capture_results_accessible_by_attribute
ok 84 - testing/test_capture.py::TestStdCaptureFD.test_capturing_readouterr_unicode
ok 85 - testing/test_capture.py::TestStdCaptureFD.test_capturing_readouterr_decode_error_handling
ok 86 - testing/test_capture.py::TestStdCaptureFD.test_reset_twice_error
ok 87 - testing/test_capture.py::TestStdCaptureFD.test_capturing_modify_sysouterr_in_between
ok 88 - testing/test_capture.py::TestStdCaptureFD.test_capturing_error_recursive
ok 89 - testing/test_capture.py::TestStdCaptureFD.test_just_out_capture
ok 90 - testing/test_capture.py::TestStdCaptureFD.test_just_err_capture
ok 91 - testing/test_capture.py::TestStdCaptureFD.test_stdin_restored
ok 92 - testing/test_capture.py::TestStdCaptureFD.test_stdin_nulled_by_default
ok 93 - testing/test_capture.py::TestStdCaptureFD.test_simple_only_fd
ok 94 - testing/test_capture.py::TestStdCaptureFD.test_intermingling
ok 95 - testing/test_capture.py::TestStdCaptureFD.test_many
ok 96 - testing/test_capture.py::TestStdCaptureFDinvalidFD.test_stdcapture_fd_invalid_fd
ok 97 - testing/test_capture.py::test_capture_not_started_but_reset
ok 98 - testing/test_capture.py::test_using_capsys_fixture_works_with_sys_stdout_encoding
ok 99 - testing/test_capture.py::test_capsys_results_accessible_by_attribute
ok 100 - testing/test_capture.py::test_fdcapture_tmpfile_remains_the_same[True]
ok 101 - testing/test_capture.py::test_fdcapture_tmpfile_remains_the_same[False]
ok 102 - testing/test_capture.py::test_close_and_capture_again
ok 103 - testing/test_capture.py::test_capturing_and_logging_fundamentals[SysCapture]
ok 104 - testing/test_capture.py::test_capturing_and_logging_fundamentals[FDCapture]
ok 105 - testing/test_capture.py::test_error_attribute_issue555
ok 106 - testing/test_capture.py::test_py36_windowsconsoleio_workaround_non_standard_streams
ok 107 - testing/test_capture.py::test_dontreadfrominput_has_encoding
ok 108 - testing/test_capture.py::test_crash_on_closing_tmpfile_py27
ok 109 - testing/test_capture.py::test_pickling_and_unpickling_encoded_file
1..109
