# TAP results for testing/test_modimport.py
ok 1 - testing/test_modimport.py::test_fileimport[evaluate]
ok 2 - testing/test_modimport.py::test_fileimport[structures]
ok 3 - testing/test_modimport.py::test_fileimport[legacy]
ok 4 - testing/test_modimport.py::test_fileimport[rewrite]
ok 5 - testing/test_modimport.py::test_fileimport[truncate]
ok 6 - testing/test_modimport.py::test_fileimport[util]
ok 7 - testing/test_modimport.py::test_fileimport[code]
ok 8 - testing/test_modimport.py::test_fileimport[source]
ok 9 - testing/test_modimport.py::test_fileimport[_py2traceback]
ok 10 - testing/test_modimport.py::test_fileimport[pastebin]
ok 11 - testing/test_modimport.py::test_fileimport[skipping]
ok 12 - testing/test_modimport.py::test_fileimport[helpconfig]
ok 13 - testing/test_modimport.py::test_fileimport[resultlog]
ok 14 - testing/test_modimport.py::test_fileimport[config]
ok 15 - testing/test_modimport.py::test_fileimport[recwarn]
ok 16 - testing/test_modimport.py::test_fileimport[doctest]
ok 17 - testing/test_modimport.py::test_fileimport[debugging]
ok 18 - testing/test_modimport.py::test_fileimport[capture]
ok 19 - testing/test_modimport.py::test_fileimport[terminal]
ok 20 - testing/test_modimport.py::test_fileimport[nodes]
ok 21 - testing/test_modimport.py::test_fileimport[cacheprovider]
ok 22 - testing/test_modimport.py::test_fileimport[warnings]
ok 23 - testing/test_modimport.py::test_fileimport[freeze_support]
ok 24 - testing/test_modimport.py::test_fileimport[unittest]
ok 25 - testing/test_modimport.py::test_fileimport[deprecated]
ok 26 - testing/test_modimport.py::test_fileimport[compat]
ok 27 - testing/test_modimport.py::test_fileimport[fixtures]
ok 28 - testing/test_modimport.py::test_fileimport[python_api]
ok 29 - testing/test_modimport.py::test_fileimport[setuponly]
ok 30 - testing/test_modimport.py::test_fileimport[junitxml]
ok 31 - testing/test_modimport.py::test_fileimport[hookspec]
ok 32 - testing/test_modimport.py::test_fileimport[pytester]
ok 33 - testing/test_modimport.py::test_fileimport[tmpdir]
ok 34 - testing/test_modimport.py::test_fileimport[monkeypatch]
ok 35 - testing/test_modimport.py::test_fileimport[runner]
ok 36 - testing/test_modimport.py::test_fileimport[_argcomplete]
ok 37 - testing/test_modimport.py::test_fileimport[logging]
ok 38 - testing/test_modimport.py::test_fileimport[setupplan]
ok 39 - testing/test_modimport.py::test_fileimport[nose]
ok 40 - testing/test_modimport.py::test_fileimport[python]
ok 41 - testing/test_modimport.py::test_fileimport[main]
ok 42 - testing/test_modimport.py::test_fileimport[_version]
ok 43 - testing/test_modimport.py::test_fileimport[outcomes]
1..43
