# TAP results for testing/test_conftest.py
ok 1 - testing/test_conftest.py::TestConftestValueAccessGlobal.test_basic_init[global]
ok 2 - testing/test_conftest.py::TestConftestValueAccessGlobal.test_immediate_initialiation_and_incremental_are_the_same[global]
ok 3 - testing/test_conftest.py::TestConftestValueAccessGlobal.test_value_access_not_existing[global]
ok 4 - testing/test_conftest.py::TestConftestValueAccessGlobal.test_value_access_by_path[global]
ok 5 - testing/test_conftest.py::TestConftestValueAccessGlobal.test_value_access_with_confmod[global]
ok 6 - testing/test_conftest.py::TestConftestValueAccessGlobal.test_basic_init[inpackage]
ok 7 - testing/test_conftest.py::TestConftestValueAccessGlobal.test_immediate_initialiation_and_incremental_are_the_same[inpackage]
ok 8 - testing/test_conftest.py::TestConftestValueAccessGlobal.test_value_access_not_existing[inpackage]
ok 9 - testing/test_conftest.py::TestConftestValueAccessGlobal.test_value_access_by_path[inpackage]
ok 10 - testing/test_conftest.py::TestConftestValueAccessGlobal.test_value_access_with_confmod[inpackage]
ok 11 - testing/test_conftest.py::test_conftest_in_nonpkg_with_init
ok 12 - testing/test_conftest.py::test_doubledash_considered
ok 13 - testing/test_conftest.py::test_issue151_load_all_conftests
ok 14 - testing/test_conftest.py::test_conftest_global_import
ok 15 - testing/test_conftest.py::test_conftestcutdir
ok 16 - testing/test_conftest.py::test_conftestcutdir_inplace_considered
ok 17 - testing/test_conftest.py::test_setinitial_conftest_subdirs[test]
ok 18 - testing/test_conftest.py::test_setinitial_conftest_subdirs[tests]
ok 19 - testing/test_conftest.py::test_setinitial_conftest_subdirs[whatever]
ok 20 - testing/test_conftest.py::test_setinitial_conftest_subdirs[.dotdir]
ok 21 - testing/test_conftest.py::test_conftest_confcutdir
ok 22 - testing/test_conftest.py::test_no_conftest
ok 23 - testing/test_conftest.py::test_conftest_existing_resultlog
ok 24 - testing/test_conftest.py::test_conftest_existing_junitxml
ok 25 - testing/test_conftest.py::test_conftest_import_order
ok 26 - testing/test_conftest.py::test_fixture_dependency
ok 27 - testing/test_conftest.py::test_conftest_found_with_double_dash
ok 28 - testing/test_conftest.py::TestConftestVisibility.test_parsefactories_relative_node_ids[runner-..-3]
ok 29 - testing/test_conftest.py::TestConftestVisibility.test_parsefactories_relative_node_ids[package-..-3]
ok 30 - testing/test_conftest.py::TestConftestVisibility.test_parsefactories_relative_node_ids[swc-../..-3]
ok 31 - testing/test_conftest.py::TestConftestVisibility.test_parsefactories_relative_node_ids[snc-../..-3]
ok 32 - testing/test_conftest.py::TestConftestVisibility.test_parsefactories_relative_node_ids[runner-../package-3]
ok 33 - testing/test_conftest.py::TestConftestVisibility.test_parsefactories_relative_node_ids[package-.-3]
ok 34 - testing/test_conftest.py::TestConftestVisibility.test_parsefactories_relative_node_ids[swc-..-3]
ok 35 - testing/test_conftest.py::TestConftestVisibility.test_parsefactories_relative_node_ids[snc-..-3]
ok 36 - testing/test_conftest.py::TestConftestVisibility.test_parsefactories_relative_node_ids[runner-../package/swc-1]
ok 37 - testing/test_conftest.py::TestConftestVisibility.test_parsefactories_relative_node_ids[package-./swc-1]
ok 38 - testing/test_conftest.py::TestConftestVisibility.test_parsefactories_relative_node_ids[swc-.-1]
ok 39 - testing/test_conftest.py::TestConftestVisibility.test_parsefactories_relative_node_ids[snc-../swc-1]
ok 40 - testing/test_conftest.py::TestConftestVisibility.test_parsefactories_relative_node_ids[runner-../package/snc-1]
ok 41 - testing/test_conftest.py::TestConftestVisibility.test_parsefactories_relative_node_ids[package-./snc-1]
ok 42 - testing/test_conftest.py::TestConftestVisibility.test_parsefactories_relative_node_ids[swc-../snc-1]
ok 43 - testing/test_conftest.py::TestConftestVisibility.test_parsefactories_relative_node_ids[snc-.-1]
ok 44 - testing/test_conftest.py::test_search_conftest_up_to_inifile[.-2-0]
ok 45 - testing/test_conftest.py::test_search_conftest_up_to_inifile[src-1-1]
ok 46 - testing/test_conftest.py::test_search_conftest_up_to_inifile[None-1-1]
ok 47 - testing/test_conftest.py::test_issue1073_conftest_special_objects
ok 48 - testing/test_conftest.py::test_conftest_exception_handling
ok 49 - testing/test_conftest.py::test_hook_proxy
ok 50 - testing/test_conftest.py::test_required_option_help
1..50
